
> client@0.0.0 build
> vite build

[36mvite v6.0.7 [32mbuilding for production...[36m[39m
transforming...
node.exe : 
At line:1 char:1
+ & "C:\Program Files\nodejs/node.exe" "C:\Program Files\nodejs/node_mo ...
+ ~~~~~~~~~~~~~~~~~~~~~~~~~~~~~~~~~~~~~~~~~~~~~~~~~~~~~~~~~~~~~~~~~~~~~
    + CategoryInfo          : NotSpecified: (:String) [], RemoteException
    + FullyQualifiedErrorId : NativeCommandError
 
../assets/startquiz.jpg referenced in ../assets/startquiz.jpg didn't resolve at build time, it will remain unchanged 
to be resolved at runtime

../assets/courses/suryansh.jpg referenced in ../assets/courses/suryansh.jpg didn't resolve at build time, it will 
remain unchanged to be resolved at runtime
[32mΓ£ô[39m 4636 modules transformed.
rendering chunks...
[33mwarnings when minifying css:
Γû▓ [WARNING] Expected "," but found "%" [css-syntax-error]

    <stdin>:15332:21:
      15332 Γöé @keyframes float { 0%%, 100%% { transform: translateY(0); } 50%...
            Γöé                      ^
            Γò╡                      ,


Γû▓ [WARNING] Expected "," but found "%" [css-syntax-error]

    <stdin>:15334:29:
      15334 Γöé @keyframes float-delayed { 0%%, 100%% { transform: translateY(0...
            Γöé                              ^
            Γò╡                              ,

[39m
computing gzip size...
[2mdist/[22m[32massets/slick-BlzDm7g2.svg                                                  [39m[1m[2m     2.15 kB[22m[1m[22m[2m Γöé gzip:      0.91 kB[22m
[2mdist/[22m[32mindex.html                                                                 [39m[1m[2m     3.07 kB[22m[1m[22m[2m Γöé gzip:      1.24 kB[22m
[2mdist/[22m[32massets/ajax-loader-BcnMEykj.gif                                            [39m[1m[2m     4.18 kB[22m[1m[22m
[2mdist/[22m[32massets/26-CyNPL4p9.png                                                     [39m[1m[2m     6.52 kB[22m[1m[22m
[2mdist/[22m[32massets/Razorpay-TDwopBpr.png                                               [39m[1m[2m     7.25 kB[22m[1m[22m
[2mdist/[22m[32massets/easebuzz-CmbOdn8Q.jpeg                                              [39m[1m[2m     7.90 kB[22m[1m[22m
[2mdist/[22m[32massets/27-FQQYoo1P.png                                                     [39m[1m[2m     8.93 kB[22m[1m[22m
[2mdist/[22m[32massets/laptop-D2MhtxGv.jpg                                                 [39m[1m[2m    10.61 kB[22m[1m[22m
[2mdist/[22m[32massets/aashish-iks5dzW8.jpg                                                [39m[1m[2m    11.16 kB[22m[1m[22m
[2mdist/[22m[32massets/Registration-E4wNlQ2o.png                                           [39m[1m[2m    11.44 kB[22m[1m[22m
[2mdist/[22m[32massets/3-BDxz6P-K.png                                                      [39m[1m[2m    12.02 kB[22m[1m[22m
[2mdist/[22m[32massets/7-B4MroNWQ.png                                                      [39m[1m[2m    13.69 kB[22m[1m[22m
[2mdist/[22m[32massets/Formfill-siGyO4r7.png                                               [39m[1m[2m    14.78 kB[22m[1m[22m
[2mdist/[22m[32massets/skills-CU6PquKC.png                                                 [39m[1m[2m    17.90 kB[22m[1m[22m
[2mdist/[22m[32massets/Subhra-CJ7QZbR9.jpg                                                 [39m[1m[2m    17.90 kB[22m[1m[22m
[2mdist/[22m[32massets/playerlogo-BU65yymh.jpg                                             [39m[1m[2m    18.77 kB[22m[1m[22m
[2mdist/[22m[32massets/rohan-FrfAEkbm.jpg                                                  [39m[1m[2m    19.32 kB[22m[1m[22m
[2mdist/[22m[32massets/prabhleen-DHu7Ds2N.jpg                                              [39m[1m[2m    19.95 kB[22m[1m[22m
[2mdist/[22m[32massets/waitfortheresponse-C1_PXvQl.png                                     [39m[1m[2m    20.19 kB[22m[1m[22m
[2mdist/[22m[32massets/training-DMd8SpcK.png                                               [39m[1m[2m    21.34 kB[22m[1m[22m
[2mdist/[22m[32massets/promptbg-C1Ck2H2I.avif                                              [39m[1m[2m    22.02 kB[22m[1m[22m
[2mdist/[22m[32massets/23-BEWQrYzP.webp                                                    [39m[1m[2m    22.10 kB[22m[1m[22m
[2mdist/[22m[32massets/placement-CZCEJi8X.png                                              [39m[1m[2m    22.74 kB[22m[1m[22m
[2mdist/[22m[32massets/28-BOv-W3pa.png                                                     [39m[1m[2m    23.43 kB[22m[1m[22m
[2mdist/[22m[32massets/mithun-ZJ4BVEZ2.jpg                                                 [39m[1m[2m    23.47 kB[22m[1m[22m
[2mdist/[22m[32massets/Flashaidlogo-_Gje92Sm.jpg                                           [39m[1m[2m    23.84 kB[22m[1m[22m
[2mdist/[22m[32massets/raja-DZ-1K1-n.jpg                                                   [39m[1m[2m    24.19 kB[22m[1m[22m
[2mdist/[22m[32massets/1-D8ebNl6t.png                                                      [39m[1m[2m    25.68 kB[22m[1m[22m
[2mdist/[22m[32massets/COLLAB-BDOBKMul.png                                                 [39m[1m[2m    26.91 kB[22m[1m[22m
[2mdist/[22m[32massets/daad1-Bz5r9JJz.jpg                                                  [39m[1m[2m    27.37 kB[22m[1m[22m
[2mdist/[22m[32massets/11-ChHLlZOF.png                                                     [39m[1m[2m    29.19 kB[22m[1m[22m
[2mdist/[22m[32massets/13-BESPnhfu.png                                                     [39m[1m[2m    29.54 kB[22m[1m[22m
[2mdist/[22m[32massets/feesimg-goXy1Vzs.jpeg                                               [39m[1m[2m    30.26 kB[22m[1m[22m
[2mdist/[22m[32massets/25-CFLuTn8V.png                                                     [39m[1m[2m    30.82 kB[22m[1m[22m
[2mdist/[22m[32massets/testimonialbg-CuiK6vVY.jpg                                          [39m[1m[2m    32.01 kB[22m[1m[22m
[2mdist/[22m[32massets/deepak-CG3fjsDM.jpg                                                 [39m[1m[2m    35.02 kB[22m[1m[22m
[2mdist/[22m[32massets/21-SMtpvUBv.png                                                     [39m[1m[2m    35.94 kB[22m[1m[22m
[2mdist/[22m[32massets/12-BzxqHdPa.png                                                     [39m[1m[2m    39.59 kB[22m[1m[22m
[2mdist/[22m[32massets/rudra-AJ4Y-rWI.jpg                                                  [39m[1m[2m    40.24 kB[22m[1m[22m
[2mdist/[22m[32massets/22-BYX8TQkN.png                                                     [39m[1m[2m    40.30 kB[22m[1m[22m
[2mdist/[22m[32massets/dsad2-BqPj04DN.jpg                                                  [39m[1m[2m    40.58 kB[22m[1m[22m
[2mdist/[22m[32massets/comingsoon-DbgT9VYQ.jpg                                             [39m[1m[2m    40.93 kB[22m[1m[22m
[2mdist/[22m[32massets/5-QpMiQkP0.png                                                      [39m[1m[2m    43.49 kB[22m[1m[22m
[2mdist/[22m[32massets/16-D2Um1bEC.png                                                     [39m[1m[2m    43.63 kB[22m[1m[22m
[2mdist/[22m[32massets/24-B0KyH_Gw.png                                                     [39m[1m[2m    45.37 kB[22m[1m[22m
[2mdist/[22m[32massets/whychoose-RziN7Sb2.jpg                                              [39m[1m[2m    46.12 kB[22m[1m[22m
[2mdist/[22m[32massets/18-DK-iTASp.png                                                     [39m[1m[2m    46.51 kB[22m[1m[22m
[2mdist/[22m[32massets/danish-DSnc8sVE.jpg                                                 [39m[1m[2m    47.17 kB[22m[1m[22m
[2mdist/[22m[32massets/birendra-DZJ0I7ew.jpg                                               [39m[1m[2m    48.29 kB[22m[1m[22m
[2mdist/[22m[32massets/manish-46-RqkWY.jpg                                                 [39m[1m[2m    49.09 kB[22m[1m[22m
[2mdist/[22m[32massets/dmad2-PZ98PZQc.jpg                                                  [39m[1m[2m    50.76 kB[22m[1m[22m
[2mdist/[22m[32massets/rahul-Dk4pbCCm.jpg                                                  [39m[1m[2m    52.08 kB[22m[1m[22m
[2mdist/[22m[32massets/pead1-B-IYPW10.jpg                                                  [39m[1m[2m    52.35 kB[22m[1m[22m
[2mdist/[22m[32massets/affan-DVe8oO9y.jpg                                                  [39m[1m[2m    52.46 kB[22m[1m[22m
[2mdist/[22m[32massets/20-DsmtSkpY.png                                                     [39m[1m[2m    52.70 kB[22m[1m[22m
[2mdist/[22m[32massets/2-CxbVrmVx.png                                                      [39m[1m[2m    55.55 kB[22m[1m[22m
[2mdist/[22m[32massets/suryanshsaxena-Cw6t3LSq.jpg                                         [39m[1m[2m    55.81 kB[22m[1m[22m
[2mdist/[22m[32massets/defaultmasterclass-czX0vE8W.jpg                                     [39m[1m[2m    57.83 kB[22m[1m[22m
[2mdist/[22m[32massets/dmad1-GfPvmKyn.jpg                                                  [39m[1m[2m    63.35 kB[22m[1m[22m
[2mdist/[22m[32massets/8-DWI2l1mt.png                                                      [39m[1m[2m    66.63 kB[22m[1m[22m
[2mdist/[22m[32massets/pead2-Cunbd-xl.jpg                                                  [39m[1m[2m    68.87 kB[22m[1m[22m
[2mdist/[22m[32massets/14-DYIXl_Al.jpg                                                     [39m[1m[2m    77.27 kB[22m[1m[22m
[2mdist/[22m[32massets/automationtestingbg-CCUHpZeI.jpg                                    [39m[1m[2m    78.47 kB[22m[1m[22m
[2mdist/[22m[32massets/sachin-BXfnSULI.jpg                                                 [39m[1m[2m    78.94 kB[22m[1m[22m
[2mdist/[22m[32massets/15-DSXWD0RZ.png                                                     [39m[1m[2m    83.64 kB[22m[1m[22m
[2mdist/[22m[32massets/10-C1Bhzk8t.png                                                     [39m[1m[2m    84.93 kB[22m[1m[22m
[2mdist/[22m[32massets/nishitha-Cau6I6Tu.jpg                                               [39m[1m[2m    92.02 kB[22m[1m[22m
[2mdist/[22m[32massets/17-DdWWoZtj.png                                                     [39m[1m[2m    92.27 kB[22m[1m[22m
[2mdist/[22m[32massets/training-kIEQTBfk.jpg                                               [39m[1m[2m    93.13 kB[22m[1m[22m
[2mdist/[22m[32massets/logowhite-CREER8og.png                                              [39m[1m[2m    94.64 kB[22m[1m[22m
[2mdist/[22m[32massets/4-CHiOBI0v.png                                                      [39m[1m[2m    95.11 kB[22m[1m[22m
[2mdist/[22m[32massets/akash-DKybFGTA.jpg                                                  [39m[1m[2m    96.70 kB[22m[1m[22m
[2mdist/[22m[32massets/14-D5JQ5U9X.png                                                     [39m[1m[2m    99.82 kB[22m[1m[22m
[2mdist/[22m[32massets/9-DeYRgUjm.jpg                                                      [39m[1m[2m   100.12 kB[22m[1m[22m
[2mdist/[22m[32massets/masterclasscertificate-CIj_zcdi.jpg                                 [39m[1m[2m   101.18 kB[22m[1m[22m
[2mdist/[22m[32massets/LOGO3-Do06qODb.png                                                  [39m[1m[2m   105.41 kB[22m[1m[22m
[2mdist/[22m[32massets/msad1-BV0e70Hs.jpg                                                  [39m[1m[2m   105.72 kB[22m[1m[22m
[2mdist/[22m[32massets/pmad2-wCfdkjuk.jpg                                                  [39m[1m[2m   107.50 kB[22m[1m[22m
[2mdist/[22m[32massets/9-BchKIfjh.png                                                      [39m[1m[2m   108.34 kB[22m[1m[22m
[2mdist/[22m[32massets/daad2-D6z-uJAW.jpg                                                  [39m[1m[2m   110.08 kB[22m[1m[22m
[2mdist/[22m[32massets/19-CG65Hd6j.png                                                     [39m[1m[2m   112.30 kB[22m[1m[22m
[2mdist/[22m[32massets/automationtesting-AZPO5TEQ.jpg                                      [39m[1m[2m   114.16 kB[22m[1m[22m
[2mdist/[22m[32massets/logo-CiMjZDJ6.jpg                                                   [39m[1m[2m   114.40 kB[22m[1m[22m
[2mdist/[22m[32massets/6-Dze_qkK9.png                                                      [39m[1m[2m   117.11 kB[22m[1m[22m
[2mdist/[22m[32massets/masterclass-x0weL7D2.jpeg                                           [39m[1m[2m   122.04 kB[22m[1m[22m
[2mdist/[22m[32massets/12-oa2PfrV1.jpg                                                     [39m[1m[2m   135.10 kB[22m[1m[22m
[2mdist/[22m[32massets/dsad1-M_2Wjw6E.jpg                                                  [39m[1m[2m   135.30 kB[22m[1m[22m
[2mdist/[22m[32massets/8-D0p3oGbH.jpg                                                      [39m[1m[2m   139.86 kB[22m[1m[22m
[2mdist/[22m[32massets/internship-Dlv_R8hv.jpg                                             [39m[1m[2m   143.80 kB[22m[1m[22m
[2mdist/[22m[32massets/ibad1-4n29RwCQ.jpg                                                  [39m[1m[2m   146.28 kB[22m[1m[22m
[2mdist/[22m[32massets/7-76KvcJNu.jpg                                                      [39m[1m[2m   146.75 kB[22m[1m[22m
[2mdist/[22m[32massets/college collab 3-B_Etlico.jpg                                       [39m[1m[2m   158.92 kB[22m[1m[22m
[2mdist/[22m[32massets/3-BkwPnEnG.jpg                                                      [39m[1m[2m   159.06 kB[22m[1m[22m
[2mdist/[22m[32massets/15-BCZqFeDV.jpg                                                     [39m[1m[2m   161.46 kB[22m[1m[22m
[2mdist/[22m[32massets/11-DEflVuQk.jpg                                                     [39m[1m[2m   165.50 kB[22m[1m[22m
[2mdist/[22m[32massets/publicspeech-CZ2PJART.jpg                                           [39m[1m[2m   173.94 kB[22m[1m[22m
[2mdist/[22m[32massets/2-Dv86aUwf.jpg                                                      [39m[1m[2m   174.12 kB[22m[1m[22m
[2mdist/[22m[32massets/advance-BMcJpfx6.jpg                                                [39m[1m[2m   178.99 kB[22m[1m[22m
[2mdist/[22m[32massets/6-C-7M9cgh.jpg                                                      [39m[1m[2m   182.00 kB[22m[1m[22m
[2mdist/[22m[32massets/Advance certificate completion-CBAiJwtT.jpg                         [39m[1m[2m   188.04 kB[22m[1m[22m
[2mdist/[22m[32massets/5-cDadwNJ7.jpg                                                      [39m[1m[2m   193.73 kB[22m[1m[22m
[2mdist/[22m[32massets/publicspeech2-BF9NqohL.jpg                                          [39m[1m[2m   208.05 kB[22m[1m[22m
[2mdist/[22m[32massets/16-uBK2Edai.jpg                                                     [39m[1m[2m   224.24 kB[22m[1m[22m
[2mdist/[22m[32massets/pmad1-Dv3TRdQm.jpg                                                  [39m[1m[2m   225.28 kB[22m[1m[22m
[2mdist/[22m[32massets/4--OzZ7J8r.jpg                                                      [39m[1m[2m   227.84 kB[22m[1m[22m
[2mdist/[22m[32massets/10-UVSquOw0.jpg                                                     [39m[1m[2m   238.49 kB[22m[1m[22m
[2mdist/[22m[32massets/Organisation collab 2-B17MvIvX.jpg                                  [39m[1m[2m   238.50 kB[22m[1m[22m
[2mdist/[22m[32massets/ibad2-BlxvQgtM.jpg                                                  [39m[1m[2m   242.94 kB[22m[1m[22m
[2mdist/[22m[32massets/quiz-OgM7Veki.jpg                                                   [39m[1m[2m   302.62 kB[22m[1m[22m
[2mdist/[22m[32massets/career-CXLtQIwz.jpg                                                 [39m[1m[2m   342.65 kB[22m[1m[22m
[2mdist/[22m[32massets/Organisation collab 4-9nZU7wgc.jpg                                  [39m[1m[2m   361.98 kB[22m[1m[22m
[2mdist/[22m[32massets/13-BRdf-M8X.jpg                                                     [39m[1m[2m   435.33 kB[22m[1m[22m
[2mdist/[22m[32massets/Android App-DPJToBzx.jpg                                            [39m[1m[2m   478.35 kB[22m[1m[22m
[2mdist/[22m[32massets/Cloud Computing-4ZEYV0pD.jpg                                        [39m[1m[2m   508.87 kB[22m[1m[22m
[2mdist/[22m[32massets/Graphic Designing-DbeiLg-p.jpg                                      [39m[1m[2m   520.52 kB[22m[1m[22m
[2mdist/[22m[32massets/DevOps-D56NyNsd.jpg                                                 [39m[1m[2m   539.09 kB[22m[1m[22m
[2mdist/[22m[32massets/Psychology-Cw8T3r8c.jpg                                             [39m[1m[2m   541.43 kB[22m[1m[22m
[2mdist/[22m[32massets/UI _ UX Design-BKmhe9gd.jpg                                         [39m[1m[2m   565.48 kB[22m[1m[22m
[2mdist/[22m[32massets/Nano Technology _  Genetic-CT1k7IsN.jpg                             [39m[1m[2m   567.04 kB[22m[1m[22m
[2mdist/[22m[32massets/1-BFkeEwlJ.jpg                                                      [39m[1m[2m   567.65 kB[22m[1m[22m
[2mdist/[22m[32massets/Cyber Security-AoHaoDfT.jpg                                         [39m[1m[2m   575.88 kB[22m[1m[22m
[2mdist/[22m[32massets/Digital Marketing-Y4jRMqb7.jpg                                      [39m[1m[2m   580.28 kB[22m[1m[22m
[2mdist/[22m[32massets/FinTech-BqyAMQLB.jpg                                                [39m[1m[2m   580.52 kB[22m[1m[22m
[2mdist/[22m[32massets/Data Science-CfPY2lr7.jpg                                           [39m[1m[2m   600.82 kB[22m[1m[22m
[2mdist/[22m[32massets/Human Resource-TU99gCv1.jpg                                         [39m[1m[2m   613.76 kB[22m[1m[22m
[2mdist/[22m[32massets/Artificial Intelligence-C_dcPkPf.jpg                                [39m[1m[2m   615.64 kB[22m[1m[22m
[2mdist/[22m[32massets/Stock Marketing-Cv_tD3rb.jpg                                        [39m[1m[2m   628.82 kB[22m[1m[22m
[2mdist/[22m[32massets/Embedded System-8lowWn4S.jpg                                        [39m[1m[2m   630.37 kB[22m[1m[22m
[2mdist/[22m[32massets/Auto Cad-CC486FyW.jpg                                               [39m[1m[2m   633.76 kB[22m[1m[22m
[2mdist/[22m[32massets/IOT _ Robotics-DlhG-k4-.jpg                                         [39m[1m[2m   636.63 kB[22m[1m[22m
[2mdist/[22m[32massets/Data Analytics-Ca6Zt67k.jpg                                         [39m[1m[2m   642.05 kB[22m[1m[22m
[2mdist/[22m[32massets/Machine Learning-Ccd7N4H8.jpg                                       [39m[1m[2m   644.56 kB[22m[1m[22m
[2mdist/[22m[32massets/Business Analytics-DIOOhwh0.jpg                                     [39m[1m[2m   655.71 kB[22m[1m[22m
[2mdist/[22m[32massets/Full Stack Web-B7gL7V6Q.jpg                                         [39m[1m[2m   658.08 kB[22m[1m[22m
[2mdist/[22m[32massets/alumni_3-DDbPT1yx.png                                               [39m[1m[2m   663.61 kB[22m[1m[22m
[2mdist/[22m[32massets/advance_hero_new-DmQWrsSh.png                                       [39m[1m[2m   668.36 kB[22m[1m[22m
[2mdist/[22m[32massets/Supply Chain-C1m1hsXI.jpg                                           [39m[1m[2m   682.65 kB[22m[1m[22m
[2mdist/[22m[32massets/alumni_indian-Co08FwJI.png                                          [39m[1m[2m   738.63 kB[22m[1m[22m
[2mdist/[22m[32massets/alumni_4-lD9u7z29.png                                               [39m[1m[2m   773.99 kB[22m[1m[22m
[2mdist/[22m[32massets/alumni_2-CRkk1thQ.png                                               [39m[1m[2m   776.10 kB[22m[1m[22m
[2mdist/[22m[32massets/learning-centre-5SmLB_D4.png                                        [39m[1m[2m   780.15 kB[22m[1m[22m
[2mdist/[22m[32massets/alumni_1-BtFoeiN4.png                                               [39m[1m[2m   832.55 kB[22m[1m[22m
[2mdist/[22m[32massets/Automation testing Advanced Program-Cy63eAJz.pdf                    [39m[1m[2m 1,122.77 kB[22m[1m[22m
[2mdist/[22m[32massets/4-DZeLccUK.png                                                      [39m[1m[2m 1,314.73 kB[22m[1m[22m
[2mdist/[22m[32massets/3-DP9kb5B3.svg                                                      [39m[1m[2m 1,443.09 kB[22m[1m[22m[2m Γöé gzip:  1,081.06 kB[22m
[2mdist/[22m[32massets/2-CgaG7Vlu.png                                                      [39m[1m[2m 1,455.85 kB[22m[1m[22m
[2mdist/[22m[32massets/college collab 2-BYiwqL8K.jpg                                       [39m[1m[2m 1,735.56 kB[22m[1m[22m
[2mdist/[22m[32massets/6-BizqTzcO.png                                                      [39m[1m[2m 1,774.60 kB[22m[1m[22m
[2mdist/[22m[32massets/5-DG7iiZPE.png                                                      [39m[1m[2m 1,887.16 kB[22m[1m[22m
[2mdist/[22m[32massets/3-DIdZ_34C.png                                                      [39m[1m[2m 2,028.55 kB[22m[1m[22m
[2mdist/[22m[32massets/Prompt engineering for generative AI Advanced Program-CWQev5nM.pdf  [39m[1m[2m 3,707.69 kB[22m[1m[22m
[2mdist/[22m[32massets/Product management Advanced program-eELvjMNA.pdf                    [39m[1m[2m 3,711.69 kB[22m[1m[22m
[2mdist/[22m[32massets/Investment Banking Advanced Program-Bp-bnCx5.pdf                    [39m[1m[2m 3,795.98 kB[22m[1m[22m
[2mdist/[22m[32massets/Mern Stack Web Development Advanced Program-BdgGL7PZ.pdf            [39m[1m[2m 3,912.25 kB[22m[1m[22m
[2mdist/[22m[32massets/DataScienceAdvancedProgram-BNN0ZuPd.pdf                             [39m[1m[2m 4,709.79 kB[22m[1m[22m
[2mdist/[22m[32massets/datascience-BZQdRd1a.png                                            [39m[1m[2m 6,028.61 kB[22m[1m[22m
[2mdist/[22m[32massets/promptengineering-DX1Q4-Fs.png                                      [39m[1m[2m 6,137.80 kB[22m[1m[22m
[2mdist/[22m[32massets/digitalmarketing-DZLJm5N8.png                                       [39m[1m[2m 6,172.06 kB[22m[1m[22m
[2mdist/[22m[32massets/productmanagement-DW21N0Nm.png                                      [39m[1m[2m 6,412.46 kB[22m[1m[22m
[2mdist/[22m[32massets/dataanalytics-BFbE9Gmw.png                                          [39m[1m[2m 6,866.62 kB[22m[1m[22m
[2mdist/[22m[32massets/Data Analytics Advanced program--302RRo8.pdf                        [39m[1m[2m 7,519.53 kB[22m[1m[22m
[2mdist/[22m[32massets/mern-BTXO1oNL.png                                                   [39m[1m[2m 7,593.90 kB[22m[1m[22m
[2mdist/[22m[32massets/Digital Marketing Advanced Program-CqhIfBvh.pdf                     [39m[1m[2m 7,689.93 kB[22m[1m[22m
[2mdist/[22m[32massets/collaborate 04-Dx10zf9R.svg                                         [39m[1m[2m 9,601.78 kB[22m[1m[22m[2m Γöé gzip:  7,194.79 kB[22m
[2mdist/[22m[32massets/Human Resource-BgH9HUQp.pdf                                         [39m[1m[2m 9,950.00 kB[22m[1m[22m
[2mdist/[22m[32massets/Finance-DqtTrZKR.pdf                                                [39m[1m[2m 9,984.85 kB[22m[1m[22m
[2mdist/[22m[32massets/AutoCad Brochure-1AA8GhGD.pdf                                       [39m[1m[2m10,017.54 kB[22m[1m[22m
[2mdist/[22m[32massets/UI  UX-min-DjLC4RRc.pdf                                             [39m[1m[2m10,023.24 kB[22m[1m[22m
[2mdist/[22m[32massets/Android Development-QFTwd6_x.pdf                                    [39m[1m[2m10,068.27 kB[22m[1m[22m
[2mdist/[22m[32massets/Business Analytics-4-x433ti.pdf                                     [39m[1m[2m10,071.94 kB[22m[1m[22m
[2mdist/[22m[32massets/Stock Market-DyvpP4Fp.pdf                                           [39m[1m[2m10,091.87 kB[22m[1m[22m
[2mdist/[22m[32massets/Graphic Design-BUjckgXy.pdf                                         [39m[1m[2m10,095.00 kB[22m[1m[22m
[2mdist/[22m[32massets/VLSI Design-Ce3qayCF.pdf                                            [39m[1m[2m10,121.89 kB[22m[1m[22m
[2mdist/[22m[32massets/Dev ops-B1n7TyZV.pdf                                                [39m[1m[2m10,184.36 kB[22m[1m[22m
[2mdist/[22m[32massets/Data Science-BpGPLweC.pdf                                           [39m[1m[2m10,211.09 kB[22m[1m[22m
[2mdist/[22m[32massets/Data Analytics-ScWi78Eq.pdf                                         [39m[1m[2m10,226.70 kB[22m[1m[22m
[2mdist/[22m[32massets/Embedded System-_jUHMOId.pdf                                        [39m[1m[2m10,269.80 kB[22m[1m[22m
[2mdist/[22m[32massets/Digital Marketing-kdKE_Uk1.pdf                                      [39m[1m[2m10,284.86 kB[22m[1m[22m
[2mdist/[22m[32massets/IOT and Robotics-DPFHvZ1k.pdf                                       [39m[1m[2m10,352.85 kB[22m[1m[22m
[2mdist/[22m[32massets/Cyber Security-NKYSVVZN.pdf                                         [39m[1m[2m10,370.43 kB[22m[1m[22m
[2mdist/[22m[32massets/Full Stack Development-DuxCpfid.pdf                                 [39m[1m[2m10,385.96 kB[22m[1m[22m
[2mdist/[22m[32massets/Cloud Computing-C6cnI19d.pdf                                        [39m[1m[2m10,519.58 kB[22m[1m[22m
[2mdist/[22m[32massets/Machine Learning-BPcwyu_a.pdf                                       [39m[1m[2m11,224.05 kB[22m[1m[22m
[2mdist/[22m[32massets/Collaborateform-CCplaq8p.svg                                        [39m[1m[2m11,963.46 kB[22m[1m[22m[2m Γöé gzip:  8,993.28 kB[22m
[2mdist/[22m[32massets/Artificial Intelligence-TKG1HeHY.pdf                                [39m[1m[2m12,324.25 kB[22m[1m[22m
[2mdist/[22m[32massets/Collaborate1-BExrSN_9.svg                                           [39m[1m[2m16,172.97 kB[22m[1m[22m[2m Γöé gzip: 12,151.50 kB[22m
[2mdist/[22m[35massets/OverviewPage-Cw8I_RQ-.css                                           [39m[1m[2m     2.81 kB[22m[1m[22m[2m Γöé gzip:      1.00 kB[22m
[2mdist/[22m[35massets/index-D7Y-xXij.css                                                  [39m[1m[2m   470.41 kB[22m[1m[22m[2m Γöé gzip:     75.90 kB[22m
[2mdist/[22m[36massets/CalendarPage-C8-5aT43.js                                            [39m[1m[2m     2.15 kB[22m[1m[22m[2m Γöé gzip:      0.92 kB[22m
[2mdist/[22m[36massets/TrainingPage-CMdP3GQY.js                                            [39m[1m[2m     3.28 kB[22m[1m[22m[2m Γöé gzip:      1.07 kB[22m
[2mdist/[22m[36massets/InternshipPage-B9wYeTNW.js                                          [39m[1m[2m     4.39 kB[22m[1m[22m[2m Γöé gzip:      1.55 kB[22m
[2mdist/[22m[36massets/PaymentsPage-B4S661a9.js                                            [39m[1m[2m     5.99 kB[22m[1m[22m[2m Γöé gzip:      2.14 kB[22m
[2mdist/[22m[36massets/PlacementPage-BshIUSP3.js                                           [39m[1m[2m     8.24 kB[22m[1m[22m[2m Γöé gzip:      3.11 kB[22m
[2mdist/[22m[36massets/AdvanceLearningPage-J-8iBoNL.js                                     [39m[1m[2m     9.40 kB[22m[1m[22m[2m Γöé gzip:      3.05 kB[22m
[33m
(!) Some chunks are larger than 500 kB after minification. Consider:
- Using dynamic import() to code-split the application
- Use build.rollupOptions.output.manualChunks to improve chunking: 
https://rollupjs.org/configuration-options/#output-manualchunks
- Adjust chunk size limit for this warning via build.chunkSizeWarningLimit.[39m
[2mdist/[22m[36massets/CertificatePage-DisLz_gh.js                                         [39m[1m[2m    11.41 kB[22m[1m[22m[2m Γöé gzip:      3.68 kB[22m
[2mdist/[22m[36massets/PracticalPage-Db3KdTcy.js                                           [39m[1m[2m    12.19 kB[22m[1m[22m[2m Γöé gzip:      4.28 kB[22m
[2mdist/[22m[36massets/OverviewPage-eZ-nRO0x.js                                            [39m[1m[2m    15.51 kB[22m[1m[22m[2m Γöé gzip:      4.81 kB[22m
[2mdist/[22m[36massets/index-BC0w6ALA.js                                                   [39m[1m[33m 5,083.71 kB[39m[22m[2m Γöé gzip:  1,156.17 kB[22m
[32mΓ£ô built in 37.17s[39m
